// Jest Snapshot v1, https://goo.gl/fbAQLP

exports[`Input component should render 1`] = `
<h1>
  0
</h1>
`;
