// Jest Snapshot v1, https://goo.gl/fbAQLP

exports[`Input component should test 1`] = `
<div
  className="inputWrapper"
>
  <i
    className="fas fa-search"
  />
  <input
    className="input"
    onChange={[Function]}
    onKeyPress={[Function]}
    placeholder="Click to search"
    value=""
  />
</div>
`;
